============================= test session starts =============================
platform win32 -- Python 3.11.9, pytest-9.0.2, pluggy-1.6.0
rootdir: C:\Users\admin\voicebot
plugins: anyio-4.13.0, asyncio-1.3.0
asyncio: mode=Mode.STRICT, debug=False, asyncio_default_fixture_loop_scope=None, asyncio_default_test_loop_scope=function
collected 2 items

voice-bot\src\tests\integration\test_pipeline.py EE                      [100%]

=================================== ERRORS ====================================
_________________ ERROR at setup of test_pipeline_full_cycle __________________

self = <Coroutine test_pipeline_full_cycle>

    def setup(self) -> None:
        runner_fixture_id = f"_{self._loop_scope}_scoped_runner"
        if runner_fixture_id not in self.fixturenames:
            self.fixturenames.append(runner_fixture_id)
>       return super().setup()
               ^^^^^^^^^^^^^^^

..\AppData\Local\Programs\Python\Python311\Lib\site-packages\pytest_asyncio\plugin.py:458: 
_ _ _ _ _ _ _ _ _ _ _ _ _ _ _ _ _ _ _ _ _ _ _ _ _ _ _ _ _ _ _ _ _ _ _ _ _ _ _ _

fixturedef = <FixtureDef argname='pipeline' scope='function' baseid='voice-bot/src/tests/integration/test_pipeline.py'>
request = <SubRequest 'pipeline' for <Coroutine test_pipeline_full_cycle>>

    @pytest.hookimpl(wrapper=True)
    def pytest_fixture_setup(fixturedef: FixtureDef, request) -> object | None:
        asyncio_mode = _get_asyncio_mode(request.config)
        if not _is_asyncio_fixture_function(fixturedef.func):
            if asyncio_mode == Mode.STRICT:
                # Ignore async fixtures without explicit asyncio mark in strict mode
                # This applies to pytest_trio fixtures, for example
>               return (yield)
                        ^^^^^
E               pytest.PytestRemovedIn9Warning: 'test_pipeline_full_cycle' requested an async fixture 'pipeline', with no plugin or hook that handled it. This is usually an error, as pytest does not natively support it. This will turn into an error in pytest 9.
E               See: https://docs.pytest.org/en/stable/deprecations.html#sync-test-depending-on-async-fixture

..\AppData\Local\Programs\Python\Python311\Lib\site-packages\pytest_asyncio\plugin.py:728: PytestRemovedIn9Warning
_______________ ERROR at setup of test_pipeline_error_handling ________________

self = <Coroutine test_pipeline_error_handling>

    def setup(self) -> None:
        runner_fixture_id = f"_{self._loop_scope}_scoped_runner"
        if runner_fixture_id not in self.fixturenames:
            self.fixturenames.append(runner_fixture_id)
>       return super().setup()
               ^^^^^^^^^^^^^^^

..\AppData\Local\Programs\Python\Python311\Lib\site-packages\pytest_asyncio\plugin.py:458: 
_ _ _ _ _ _ _ _ _ _ _ _ _ _ _ _ _ _ _ _ _ _ _ _ _ _ _ _ _ _ _ _ _ _ _ _ _ _ _ _

fixturedef = <FixtureDef argname='pipeline' scope='function' baseid='voice-bot/src/tests/integration/test_pipeline.py'>
request = <SubRequest 'pipeline' for <Coroutine test_pipeline_error_handling>>

    @pytest.hookimpl(wrapper=True)
    def pytest_fixture_setup(fixturedef: FixtureDef, request) -> object | None:
        asyncio_mode = _get_asyncio_mode(request.config)
        if not _is_asyncio_fixture_function(fixturedef.func):
            if asyncio_mode == Mode.STRICT:
                # Ignore async fixtures without explicit asyncio mark in strict mode
                # This applies to pytest_trio fixtures, for example
>               return (yield)
                        ^^^^^
E               pytest.PytestRemovedIn9Warning: 'test_pipeline_error_handling' requested an async fixture 'pipeline', with no plugin or hook that handled it. This is usually an error, as pytest does not natively support it. This will turn into an error in pytest 9.
E               See: https://docs.pytest.org/en/stable/deprecations.html#sync-test-depending-on-async-fixture

..\AppData\Local\Programs\Python\Python311\Lib\site-packages\pytest_asyncio\plugin.py:728: PytestRemovedIn9Warning
=========================== short test summary info ===========================
ERROR voice-bot/src/tests/integration/test_pipeline.py::test_pipeline_full_cycle
ERROR voice-bot/src/tests/integration/test_pipeline.py::test_pipeline_error_handling
============================== 2 errors in 5.47s ==============================
